MemTotal:         989176 kB
MemFree:          181172 kB
Buffers:            1288 kB
Cached:           146680 kB
SwapCached:        32340 kB
Active:           294996 kB
Inactive:         264416 kB
Active(anon):     203264 kB
Inactive(anon):   213352 kB
Active(file):      91732 kB
Inactive(file):    51064 kB
Unevictable:       44104 kB
Mlocked:           42208 kB
HighTotal:        488448 kB
HighFree:          15732 kB
LowTotal:         500728 kB
LowFree:          165440 kB
SwapTotal:        524284 kB
SwapFree:         410596 kB
Dirty:                40 kB
Writeback:             0 kB
AnonPages:        454584 kB
Mapped:           122344 kB
Shmem:              3276 kB
Slab:              32080 kB
SReclaimable:       9876 kB
SUnreclaim:        22204 kB
KernelStack:        9736 kB
PageTables:        15012 kB
NFS_Unstable:          0 kB
Bounce:                0 kB
WritebackTmp:          0 kB
CommitLimit:     1018872 kB
Committed_AS:   24485128 kB
VmallocTotal:     499712 kB
VmallocUsed:      175984 kB
VmallocChunk:      98112 kB