MemTotal:         824592 kB
MemFree:          179676 kB
Buffers:            2788 kB
Cached:           155600 kB
SwapCached:        39528 kB
Active:           175528 kB
Inactive:         220056 kB
Active(anon):     125900 kB
Inactive(anon):   127040 kB
Active(file):      49628 kB
Inactive(file):    93016 kB
Unevictable:       24296 kB
Mlocked:           20376 kB
HighTotal:        322560 kB
HighFree:          67676 kB
LowTotal:         502032 kB
LowFree:          112000 kB
SwapTotal:        458748 kB
SwapFree:         299436 kB
Dirty:                 0 kB
Writeback:             0 kB
AnonPages:        260468 kB
Mapped:            58544 kB
Shmem:             11824 kB
Slab:              34144 kB
SReclaimable:      11044 kB
SUnreclaim:        23100 kB
KernelStack:        7440 kB
PageTables:        10896 kB
NFS_Unstable:          0 kB
Bounce:                0 kB
WritebackTmp:          0 kB
CommitLimit:      871044 kB
Committed_AS:   12410124 kB
VmallocTotal:     499712 kB
VmallocUsed:      159496 kB
VmallocChunk:      98112 kB
